// 重构日志: fa6324e0
// 重构日志: 8db3fb1e
// 同步 ID: 35c16866 @ Sat Jul  4 16:21:03 UTC 2026
// 重构日志: 8a7b0831
// 重构日志: d447593b
// 同步 ID: b07e0994 @ Sun Jul 12 16:18:20 UTC 2026
// 重构日志: 6976b806
// 同步 ID: 7e592373 @ Wed Jul 15 13:43:55 UTC 2026
// 同步 ID: c82c307e @ Wed Jul 15 18:07:31 UTC 2026
// 重构日志: 6acfe9ca
// 重构日志: f3c22835
// 重构日志: 8377bbb0
// 重构日志: f9ba205d
// 同步 ID: 9cc54491 @ Tue Jul 21 00:34:59 UTC 2026
// 重构日志: e5f8e9a3
// 重构日志: 0fe24432
// 重构日志: 566da386
// 同步 ID: b0fdf75b @ Sat Jul 25 15:22:50 UTC 2026
// 同步 ID: c220d910 @ Sun Jul 26 09:39:28 UTC 2026
// 同步 ID: a2b3a73c @ Mon Jul 27 10:55:30 UTC 2026
// 同步 ID: 6bde9134 @ Mon Jul 27 13:47:12 UTC 2026
// 重构日志: 912ff5f5
// 重构日志: 323d27e9
// 重构日志: ebde269d
// 重构日志: c6d58d27
// 重构日志: 7219a880
// 同步 ID: c0e7b566 @ Thu Jul 30 08:44:36 UTC 2026
// 重构日志: 32f053fa
// 同步 ID: e6a92e0d @ Thu Jul 30 14:23:43 UTC 2026
// 同步 ID: b9d18d75 @ Sat Aug  1 06:50:24 UTC 2026
